PS C:\repositories\segmentation-manual> dotnet run --url https://sgmt-segmentation-du.777be-prd-ee-sg.777.be  --config 310-config.json --method visibility
Segmentation Manual - Management Tools

Base URL: https://sgmt-segmentation-du.777be-prd-ee-sg.777.be

Selected tool: visibility - Manages field visibility (hide/unhide)


Processing 7 DataProduct(s)...


DataSource: cd6527b3-b8a8-48eb-a0e0-db522d370aab
  Hide: player_last_successful_connection_date_utc
Executing PUT: https://sgmt-segmentation-du.777be-prd-ee-sg.777.be/api/DataSources/cd6527b3-b8a8-48eb-a0e0-db522d370aab/Fields/player_last_successful_connection_date_utc/Visibility/Hide
Success: OK
  Hide: has_account_gaming
Executing PUT: https://sgmt-segmentation-du.777be-prd-ee-sg.777.be/api/DataSources/cd6527b3-b8a8-48eb-a0e0-db522d370aab/Fields/has_account_gaming/Visibility/Hide
Success: OK
  Hide: player_language_code
Executing PUT: https://sgmt-segmentation-du.777be-prd-ee-sg.777.be/api/DataSources/cd6527b3-b8a8-48eb-a0e0-db522d370aab/Fields/player_language_code/Visibility/Hide
Error BadRequest: {"message":"Cannot hide field 'player_language_code' because it is used in 3 segment(s).","fieldName":"player_language_code","dataSourceId":"cd6527b3-b8a8-48eb-a0e0-db522d370aab","segmentIds":["528577da-2403-41e6-8f32-0376e25ed54f","4757f76b-b42a-4162-ac20-35e70e0bed8d","3cb4337f-a5d1-4979-8823-e3904d23b562"]}
  Hide: player_status_name
Executing PUT: https://sgmt-segmentation-du.777be-prd-ee-sg.777.be/api/DataSources/cd6527b3-b8a8-48eb-a0e0-db522d370aab/Fields/player_status_name/Visibility/Hide
Success: OK

DataSource: e1607c01-40a1-48e2-aa0e-bf55353f218c
  Hide: player_last_successful_connection_time_utc
Executing PUT: https://sgmt-segmentation-du.777be-prd-ee-sg.777.be/api/DataSources/e1607c01-40a1-48e2-aa0e-bf55353f218c/Fields/player_last_successful_connection_time_utc/Visibility/Hide
Success: OK

DataSource: c2c08e2c-c8d7-4521-b61e-4dbe8cd54df2
  Hide: player_registration_date_utc
Executing PUT: https://sgmt-segmentation-du.777be-prd-ee-sg.777.be/api/DataSources/c2c08e2c-c8d7-4521-b61e-4dbe8cd54df2/Fields/player_registration_date_utc/Visibility/Hide
Error BadRequest: {"message":"Cannot hide field 'player_registration_date_utc' because it is used in 2 segment(s).","fieldName":"player_registration_date_utc","dataSourceId":"c2c08e2c-c8d7-4521-b61e-4dbe8cd54df2","segmentIds":["3274a38d-6b4d-4e94-ab5a-6111feaf4ddb","960f7121-0d90-4416-9dcc-660466ba1a9c"]}

DataSource: 51bb7e6d-bb58-42dc-989d-53e6c52dd203
  Hide: max_vip_status_guid
Executing PUT: https://sgmt-segmentation-du.777be-prd-ee-sg.777.be/api/DataSources/51bb7e6d-bb58-42dc-989d-53e6c52dd203/Fields/max_vip_status_guid/Visibility/Hide
Success: OK
  Hide: last_vip_status_guid
Executing PUT: https://sgmt-segmentation-du.777be-prd-ee-sg.777.be/api/DataSources/51bb7e6d-bb58-42dc-989d-53e6c52dd203/Fields/last_vip_status_guid/Visibility/Hide
Success: OK

DataSource: 45e8c6f2-6fe0-4075-ab0d-9829e6d99591
  Hide: current_stage_id
Executing PUT: https://sgmt-segmentation-du.777be-prd-ee-sg.777.be/api/DataSources/45e8c6f2-6fe0-4075-ab0d-9829e6d99591/Fields/current_stage_id/Visibility/Hide
Success: OK
  Hide: previous_stage_id
Executing PUT: https://sgmt-segmentation-du.777be-prd-ee-sg.777.be/api/DataSources/45e8c6f2-6fe0-4075-ab0d-9829e6d99591/Fields/previous_stage_id/Visibility/Hide
Success: OK

DataSource: de1012b5-a6e3-437d-9b03-1947a0be333e
  Hide: player_connection_time_utc
Executing PUT: https://sgmt-segmentation-du.777be-prd-ee-sg.777.be/api/DataSources/de1012b5-a6e3-437d-9b03-1947a0be333e/Fields/player_connection_time_utc/Visibility/Hide
Success: OK
  Hide: player_domain
Executing PUT: https://sgmt-segmentation-du.777be-prd-ee-sg.777.be/api/DataSources/de1012b5-a6e3-437d-9b03-1947a0be333e/Fields/player_domain/Visibility/Hide
Success: OK

DataSource: 52fdfad4-371c-46af-b0c3-41b6057d3faf
  Hide: wallet_id
Executing PUT: https://sgmt-segmentation-du.777be-prd-ee-sg.777.be/api/DataSources/52fdfad4-371c-46af-b0c3-41b6057d3faf/Fields/wallet_id/Visibility/Hide
Success: OK
  Hide: transaction_id
Executing PUT: https://sgmt-segmentation-du.777be-prd-ee-sg.777.be/api/DataSources/52fdfad4-371c-46af-b0c3-41b6057d3faf/Fields/transaction_id/Visibility/Hide
Error BadRequest: {"message":"Cannot hide field 'transaction_id' because it is used in 1 segment(s).","fieldName":"transaction_id","dataSourceId":"52fdfad4-371c-46af-b0c3-41b6057d3faf","segmentIds":["0e8625b6-f72e-4edb-97fa-93f429470664"]}
  Hide: transaction_date_utc
Executing PUT: https://sgmt-segmentation-du.777be-prd-ee-sg.777.be/api/DataSources/52fdfad4-371c-46af-b0c3-41b6057d3faf/Fields/transaction_date_utc/Visibility/Hide
Success: OK

==================================================
SUMMARY
==================================================
Success: 12
Failures: 3
Total: 15 operations
==================================================

Failed operations:
  - Hide player_language_code in cd6527b3-b8a8-48eb-a0e0-db522d370aab
  - Hide player_registration_date_utc in c2c08e2c-c8d7-4521-b61e-4dbe8cd54df2
  - Hide transaction_id in 52fdfad4-371c-46af-b0c3-41b6057d3faf